# serializer version: 1
# name: test_sensors[sensor.mock_title_core_chip_temp-entry]
  EntityRegistryEntrySnapshot({
    'aliases': set({
    }),
    'area_id': None,
    'capabilities': dict({
      'state_class': <SensorStateClass.MEASUREMENT: 'measurement'>,
    }),
    'config_entry_id': <ANY>,
    'device_class': None,
    'device_id': <ANY>,
    'disabled_by': None,
    'domain': 'sensor',
    'entity_category': <EntityCategory.DIAGNOSTIC: 'diagnostic'>,
    'entity_id': 'sensor.mock_title_core_chip_temp',
    'has_entity_name': True,
    'hidden_by': None,
    'icon': None,
    'id': <ANY>,
    'labels': set({
    }),
    'name': None,
    'options': dict({
      'sensor': dict({
        'suggested_display_precision': 1,
      }),
    }),
    'original_device_class': <SensorDeviceClass.TEMPERATURE: 'temperature'>,
    'original_icon': None,
    'original_name': 'Core chip temp',
    'platform': 'smlight',
    'previous_unique_id': None,
    'supported_features': 0,
    'translation_key': 'core_temperature',
    'unique_id': 'aa:bb:cc:dd:ee:ff_core_temperature',
    'unit_of_measurement': <UnitOfTemperature.CELSIUS: '°C'>,
  })
# ---
# name: test_sensors[sensor.mock_title_core_chip_temp-state]
  StateSnapshot({
    'attributes': ReadOnlyDict({
      'device_class': 'temperature',
      'friendly_name': 'Mock Title Core chip temp',
      'state_class': <SensorStateClass.MEASUREMENT: 'measurement'>,
      'unit_of_measurement': <UnitOfTemperature.CELSIUS: '°C'>,
    }),
    'context': <ANY>,
    'entity_id': 'sensor.mock_title_core_chip_temp',
    'last_changed': <ANY>,
    'last_reported': <ANY>,
    'last_updated': <ANY>,
    'state': '35.0',
  })
# ---
# name: test_sensors[sensor.mock_title_filesystem_usage-entry]
  EntityRegistryEntrySnapshot({
    'aliases': set({
    }),
    'area_id': None,
    'capabilities': None,
    'config_entry_id': <ANY>,
    'device_class': None,
    'device_id': <ANY>,
    'disabled_by': None,
    'domain': 'sensor',
    'entity_category': <EntityCategory.DIAGNOSTIC: 'diagnostic'>,
    'entity_id': 'sensor.mock_title_filesystem_usage',
    'has_entity_name': True,
    'hidden_by': None,
    'icon': None,
    'id': <ANY>,
    'labels': set({
    }),
    'name': None,
    'options': dict({
    }),
    'original_device_class': <SensorDeviceClass.DATA_SIZE: 'data_size'>,
    'original_icon': None,
    'original_name': 'Filesystem usage',
    'platform': 'smlight',
    'previous_unique_id': None,
    'supported_features': 0,
    'translation_key': 'fs_usage',
    'unique_id': 'aa:bb:cc:dd:ee:ff_fs_usage',
    'unit_of_measurement': <UnitOfInformation.KILOBYTES: 'kB'>,
  })
# ---
# name: test_sensors[sensor.mock_title_filesystem_usage-state]
  StateSnapshot({
    'attributes': ReadOnlyDict({
      'device_class': 'data_size',
      'friendly_name': 'Mock Title Filesystem usage',
      'unit_of_measurement': <UnitOfInformation.KILOBYTES: 'kB'>,
    }),
    'context': <ANY>,
    'entity_id': 'sensor.mock_title_filesystem_usage',
    'last_changed': <ANY>,
    'last_reported': <ANY>,
    'last_updated': <ANY>,
    'state': '188',
  })
# ---
# name: test_sensors[sensor.mock_title_ram_usage-entry]
  EntityRegistryEntrySnapshot({
    'aliases': set({
    }),
    'area_id': None,
    'capabilities': None,
    'config_entry_id': <ANY>,
    'device_class': None,
    'device_id': <ANY>,
    'disabled_by': None,
    'domain': 'sensor',
    'entity_category': <EntityCategory.DIAGNOSTIC: 'diagnostic'>,
    'entity_id': 'sensor.mock_title_ram_usage',
    'has_entity_name': True,
    'hidden_by': None,
    'icon': None,
    'id': <ANY>,
    'labels': set({
    }),
    'name': None,
    'options': dict({
    }),
    'original_device_class': <SensorDeviceClass.DATA_SIZE: 'data_size'>,
    'original_icon': None,
    'original_name': 'RAM usage',
    'platform': 'smlight',
    'previous_unique_id': None,
    'supported_features': 0,
    'translation_key': 'ram_usage',
    'unique_id': 'aa:bb:cc:dd:ee:ff_ram_usage',
    'unit_of_measurement': <UnitOfInformation.KILOBYTES: 'kB'>,
  })
# ---
# name: test_sensors[sensor.mock_title_ram_usage-state]
  StateSnapshot({
    'attributes': ReadOnlyDict({
      'device_class': 'data_size',
      'friendly_name': 'Mock Title RAM usage',
      'unit_of_measurement': <UnitOfInformation.KILOBYTES: 'kB'>,
    }),
    'context': <ANY>,
    'entity_id': 'sensor.mock_title_ram_usage',
    'last_changed': <ANY>,
    'last_reported': <ANY>,
    'last_updated': <ANY>,
    'state': '99',
  })
# ---
# name: test_sensors[sensor.mock_title_zigbee_chip_temp-entry]
  EntityRegistryEntrySnapshot({
    'aliases': set({
    }),
    'area_id': None,
    'capabilities': dict({
      'state_class': <SensorStateClass.MEASUREMENT: 'measurement'>,
    }),
    'config_entry_id': <ANY>,
    'device_class': None,
    'device_id': <ANY>,
    'disabled_by': None,
    'domain': 'sensor',
    'entity_category': <EntityCategory.DIAGNOSTIC: 'diagnostic'>,
    'entity_id': 'sensor.mock_title_zigbee_chip_temp',
    'has_entity_name': True,
    'hidden_by': None,
    'icon': None,
    'id': <ANY>,
    'labels': set({
    }),
    'name': None,
    'options': dict({
      'sensor': dict({
        'suggested_display_precision': 1,
      }),
    }),
    'original_device_class': <SensorDeviceClass.TEMPERATURE: 'temperature'>,
    'original_icon': None,
    'original_name': 'Zigbee chip temp',
    'platform': 'smlight',
    'previous_unique_id': None,
    'supported_features': 0,
    'translation_key': 'zigbee_temperature',
    'unique_id': 'aa:bb:cc:dd:ee:ff_zigbee_temperature',
    'unit_of_measurement': <UnitOfTemperature.CELSIUS: '°C'>,
  })
# ---
# name: test_sensors[sensor.mock_title_zigbee_chip_temp-state]
  StateSnapshot({
    'attributes': ReadOnlyDict({
      'device_class': 'temperature',
      'friendly_name': 'Mock Title Zigbee chip temp',
      'state_class': <SensorStateClass.MEASUREMENT: 'measurement'>,
      'unit_of_measurement': <UnitOfTemperature.CELSIUS: '°C'>,
    }),
    'context': <ANY>,
    'entity_id': 'sensor.mock_title_zigbee_chip_temp',
    'last_changed': <ANY>,
    'last_reported': <ANY>,
    'last_updated': <ANY>,
    'state': '32.7',
  })
# ---
# name: test_sensors[sensor.slzb_06_core_chip_temp-entry]
  EntityRegistryEntrySnapshot({
    'aliases': set({
    }),
    'area_id': None,
    'capabilities': dict({
      'state_class': <SensorStateClass.MEASUREMENT: 'measurement'>,
    }),
    'config_entry_id': <ANY>,
    'device_class': None,
    'device_id': <ANY>,
    'disabled_by': None,
    'domain': 'sensor',
    'entity_category': <EntityCategory.DIAGNOSTIC: 'diagnostic'>,
    'entity_id': 'sensor.slzb_06_core_chip_temp',
    'has_entity_name': True,
    'hidden_by': None,
    'icon': None,
    'id': <ANY>,
    'labels': set({
    }),
    'name': None,
    'options': dict({
      'sensor': dict({
        'suggested_display_precision': 1,
      }),
    }),
    'original_device_class': <SensorDeviceClass.TEMPERATURE: 'temperature'>,
    'original_icon': None,
    'original_name': 'Core chip temp',
    'platform': 'smlight',
    'previous_unique_id': None,
    'supported_features': 0,
    'translation_key': 'core_temperature',
    'unique_id': 'aa:bb:cc:dd:ee:ff_core_temperature',
    'unit_of_measurement': <UnitOfTemperature.CELSIUS: '°C'>,
  })
# ---
# name: test_sensors[sensor.slzb_06_core_chip_temp-state]
  StateSnapshot({
    'attributes': ReadOnlyDict({
      'device_class': 'temperature',
      'friendly_name': 'slzb-06 Core chip temp',
      'state_class': <SensorStateClass.MEASUREMENT: 'measurement'>,
      'unit_of_measurement': <UnitOfTemperature.CELSIUS: '°C'>,
    }),
    'context': <ANY>,
    'entity_id': 'sensor.slzb_06_core_chip_temp',
    'last_changed': <ANY>,
    'last_reported': <ANY>,
    'last_updated': <ANY>,
    'state': '35.0',
  })
# ---
# name: test_sensors[sensor.slzb_06_core_chip_temp]
  StateSnapshot({
    'attributes': ReadOnlyDict({
      'device_class': 'temperature',
      'friendly_name': 'slzb-06 Core chip temp',
      'state_class': <SensorStateClass.MEASUREMENT: 'measurement'>,
      'unit_of_measurement': <UnitOfTemperature.CELSIUS: '°C'>,
    }),
    'context': <ANY>,
    'entity_id': 'sensor.slzb_06_core_chip_temp',
    'last_changed': <ANY>,
    'last_reported': <ANY>,
    'last_updated': <ANY>,
    'state': '35.0',
  })
# ---
# name: test_sensors[sensor.slzb_06_core_chip_temp].1
  EntityRegistryEntrySnapshot({
    'aliases': set({
    }),
    'area_id': None,
    'capabilities': dict({
      'state_class': <SensorStateClass.MEASUREMENT: 'measurement'>,
    }),
    'config_entry_id': <ANY>,
    'device_class': None,
    'device_id': <ANY>,
    'disabled_by': None,
    'domain': 'sensor',
    'entity_category': <EntityCategory.DIAGNOSTIC: 'diagnostic'>,
    'entity_id': 'sensor.slzb_06_core_chip_temp',
    'has_entity_name': True,
    'hidden_by': None,
    'icon': None,
    'id': <ANY>,
    'labels': set({
    }),
    'name': None,
    'options': dict({
      'sensor': dict({
        'suggested_display_precision': 1,
      }),
    }),
    'original_device_class': <SensorDeviceClass.TEMPERATURE: 'temperature'>,
    'original_icon': None,
    'original_name': 'Core chip temp',
    'platform': 'smlight',
    'previous_unique_id': None,
    'supported_features': 0,
    'translation_key': 'core_temperature',
    'unique_id': 'aa:bb:cc:dd:ee:ff_core_temperature',
    'unit_of_measurement': <UnitOfTemperature.CELSIUS: '°C'>,
  })
# ---
# name: test_sensors[sensor.slzb_06_core_chip_temp].2
  DeviceRegistryEntrySnapshot({
    'area_id': None,
    'config_entries': <ANY>,
    'configuration_url': 'http://slzb-06.local',
    'connections': set({
      tuple(
        'mac',
        'aa:bb:cc:dd:ee:ff',
      ),
    }),
    'disabled_by': None,
    'entry_type': None,
    'hw_version': None,
    'id': <ANY>,
    'identifiers': set({
    }),
    'is_new': False,
    'labels': set({
    }),
    'manufacturer': 'SMLIGHT',
    'model': 'SLZB-06p7',
    'model_id': None,
    'name': 'slzb-06',
    'name_by_user': None,
    'primary_config_entry': <ANY>,
    'serial_number': None,
    'suggested_area': None,
    'sw_version': 'core: v2.3.1.dev / zigbee: -1',
    'via_device_id': None,
  })
# ---
# name: test_sensors[sensor.slzb_06_filesystem_usage-entry]
  EntityRegistryEntrySnapshot({
    'aliases': set({
    }),
    'area_id': None,
    'capabilities': None,
    'config_entry_id': <ANY>,
    'device_class': None,
    'device_id': <ANY>,
    'disabled_by': None,
    'domain': 'sensor',
    'entity_category': <EntityCategory.DIAGNOSTIC: 'diagnostic'>,
    'entity_id': 'sensor.slzb_06_filesystem_usage',
    'has_entity_name': True,
    'hidden_by': None,
    'icon': None,
    'id': <ANY>,
    'labels': set({
    }),
    'name': None,
    'options': dict({
    }),
    'original_device_class': <SensorDeviceClass.DATA_SIZE: 'data_size'>,
    'original_icon': None,
    'original_name': 'Filesystem usage',
    'platform': 'smlight',
    'previous_unique_id': None,
    'supported_features': 0,
    'translation_key': 'fs_usage',
    'unique_id': 'aa:bb:cc:dd:ee:ff_fs_usage',
    'unit_of_measurement': <UnitOfInformation.KILOBYTES: 'kB'>,
  })
# ---
# name: test_sensors[sensor.slzb_06_filesystem_usage-state]
  StateSnapshot({
    'attributes': ReadOnlyDict({
      'device_class': 'data_size',
      'friendly_name': 'slzb-06 Filesystem usage',
      'unit_of_measurement': <UnitOfInformation.KILOBYTES: 'kB'>,
    }),
    'context': <ANY>,
    'entity_id': 'sensor.slzb_06_filesystem_usage',
    'last_changed': <ANY>,
    'last_reported': <ANY>,
    'last_updated': <ANY>,
    'state': '188',
  })
# ---
# name: test_sensors[sensor.slzb_06_filesystem_usage]
  StateSnapshot({
    'attributes': ReadOnlyDict({
      'device_class': 'data_size',
      'friendly_name': 'slzb-06 Filesystem usage',
      'unit_of_measurement': <UnitOfInformation.KILOBYTES: 'kB'>,
    }),
    'context': <ANY>,
    'entity_id': 'sensor.slzb_06_filesystem_usage',
    'last_changed': <ANY>,
    'last_reported': <ANY>,
    'last_updated': <ANY>,
    'state': '188',
  })
# ---
# name: test_sensors[sensor.slzb_06_filesystem_usage].1
  EntityRegistryEntrySnapshot({
    'aliases': set({
    }),
    'area_id': None,
    'capabilities': None,
    'config_entry_id': <ANY>,
    'device_class': None,
    'device_id': <ANY>,
    'disabled_by': None,
    'domain': 'sensor',
    'entity_category': <EntityCategory.DIAGNOSTIC: 'diagnostic'>,
    'entity_id': 'sensor.slzb_06_filesystem_usage',
    'has_entity_name': True,
    'hidden_by': None,
    'icon': None,
    'id': <ANY>,
    'labels': set({
    }),
    'name': None,
    'options': dict({
    }),
    'original_device_class': <SensorDeviceClass.DATA_SIZE: 'data_size'>,
    'original_icon': None,
    'original_name': 'Filesystem usage',
    'platform': 'smlight',
    'previous_unique_id': None,
    'supported_features': 0,
    'translation_key': 'fs_usage',
    'unique_id': 'aa:bb:cc:dd:ee:ff_fs_usage',
    'unit_of_measurement': <UnitOfInformation.KILOBYTES: 'kB'>,
  })
# ---
# name: test_sensors[sensor.slzb_06_filesystem_usage].2
  DeviceRegistryEntrySnapshot({
    'area_id': None,
    'config_entries': <ANY>,
    'configuration_url': 'http://slzb-06.local',
    'connections': set({
      tuple(
        'mac',
        'aa:bb:cc:dd:ee:ff',
      ),
    }),
    'disabled_by': None,
    'entry_type': None,
    'hw_version': None,
    'id': <ANY>,
    'identifiers': set({
    }),
    'is_new': False,
    'labels': set({
    }),
    'manufacturer': 'SMLIGHT',
    'model': 'SLZB-06p7',
    'model_id': None,
    'name': 'slzb-06',
    'name_by_user': None,
    'primary_config_entry': <ANY>,
    'serial_number': None,
    'suggested_area': None,
    'sw_version': 'core: v2.3.1.dev / zigbee: -1',
    'via_device_id': None,
  })
# ---
# name: test_sensors[sensor.slzb_06_ram_usage-entry]
  EntityRegistryEntrySnapshot({
    'aliases': set({
    }),
    'area_id': None,
    'capabilities': None,
    'config_entry_id': <ANY>,
    'device_class': None,
    'device_id': <ANY>,
    'disabled_by': None,
    'domain': 'sensor',
    'entity_category': <EntityCategory.DIAGNOSTIC: 'diagnostic'>,
    'entity_id': 'sensor.slzb_06_ram_usage',
    'has_entity_name': True,
    'hidden_by': None,
    'icon': None,
    'id': <ANY>,
    'labels': set({
    }),
    'name': None,
    'options': dict({
    }),
    'original_device_class': <SensorDeviceClass.DATA_SIZE: 'data_size'>,
    'original_icon': None,
    'original_name': 'RAM usage',
    'platform': 'smlight',
    'previous_unique_id': None,
    'supported_features': 0,
    'translation_key': 'ram_usage',
    'unique_id': 'aa:bb:cc:dd:ee:ff_ram_usage',
    'unit_of_measurement': <UnitOfInformation.KILOBYTES: 'kB'>,
  })
# ---
# name: test_sensors[sensor.slzb_06_ram_usage-state]
  StateSnapshot({
    'attributes': ReadOnlyDict({
      'device_class': 'data_size',
      'friendly_name': 'slzb-06 RAM usage',
      'unit_of_measurement': <UnitOfInformation.KILOBYTES: 'kB'>,
    }),
    'context': <ANY>,
    'entity_id': 'sensor.slzb_06_ram_usage',
    'last_changed': <ANY>,
    'last_reported': <ANY>,
    'last_updated': <ANY>,
    'state': '99',
  })
# ---
# name: test_sensors[sensor.slzb_06_ram_usage]
  StateSnapshot({
    'attributes': ReadOnlyDict({
      'device_class': 'data_size',
      'friendly_name': 'slzb-06 RAM usage',
      'unit_of_measurement': <UnitOfInformation.KILOBYTES: 'kB'>,
    }),
    'context': <ANY>,
    'entity_id': 'sensor.slzb_06_ram_usage',
    'last_changed': <ANY>,
    'last_reported': <ANY>,
    'last_updated': <ANY>,
    'state': '99',
  })
# ---
# name: test_sensors[sensor.slzb_06_ram_usage].1
  EntityRegistryEntrySnapshot({
    'aliases': set({
    }),
    'area_id': None,
    'capabilities': None,
    'config_entry_id': <ANY>,
    'device_class': None,
    'device_id': <ANY>,
    'disabled_by': None,
    'domain': 'sensor',
    'entity_category': <EntityCategory.DIAGNOSTIC: 'diagnostic'>,
    'entity_id': 'sensor.slzb_06_ram_usage',
    'has_entity_name': True,
    'hidden_by': None,
    'icon': None,
    'id': <ANY>,
    'labels': set({
    }),
    'name': None,
    'options': dict({
    }),
    'original_device_class': <SensorDeviceClass.DATA_SIZE: 'data_size'>,
    'original_icon': None,
    'original_name': 'RAM usage',
    'platform': 'smlight',
    'previous_unique_id': None,
    'supported_features': 0,
    'translation_key': 'ram_usage',
    'unique_id': 'aa:bb:cc:dd:ee:ff_ram_usage',
    'unit_of_measurement': <UnitOfInformation.KILOBYTES: 'kB'>,
  })
# ---
# name: test_sensors[sensor.slzb_06_ram_usage].2
  DeviceRegistryEntrySnapshot({
    'area_id': None,
    'config_entries': <ANY>,
    'configuration_url': 'http://slzb-06.local',
    'connections': set({
      tuple(
        'mac',
        'aa:bb:cc:dd:ee:ff',
      ),
    }),
    'disabled_by': None,
    'entry_type': None,
    'hw_version': None,
    'id': <ANY>,
    'identifiers': set({
    }),
    'is_new': False,
    'labels': set({
    }),
    'manufacturer': 'SMLIGHT',
    'model': 'SLZB-06p7',
    'model_id': None,
    'name': 'slzb-06',
    'name_by_user': None,
    'primary_config_entry': <ANY>,
    'serial_number': None,
    'suggested_area': None,
    'sw_version': 'core: v2.3.1.dev / zigbee: -1',
    'via_device_id': None,
  })
# ---
# name: test_sensors[sensor.slzb_06_zigbee_chip_temp-entry]
  EntityRegistryEntrySnapshot({
    'aliases': set({
    }),
    'area_id': None,
    'capabilities': dict({
      'state_class': <SensorStateClass.MEASUREMENT: 'measurement'>,
    }),
    'config_entry_id': <ANY>,
    'device_class': None,
    'device_id': <ANY>,
    'disabled_by': None,
    'domain': 'sensor',
    'entity_category': <EntityCategory.DIAGNOSTIC: 'diagnostic'>,
    'entity_id': 'sensor.slzb_06_zigbee_chip_temp',
    'has_entity_name': True,
    'hidden_by': None,
    'icon': None,
    'id': <ANY>,
    'labels': set({
    }),
    'name': None,
    'options': dict({
      'sensor': dict({
        'suggested_display_precision': 1,
      }),
    }),
    'original_device_class': <SensorDeviceClass.TEMPERATURE: 'temperature'>,
    'original_icon': None,
    'original_name': 'Zigbee chip temp',
    'platform': 'smlight',
    'previous_unique_id': None,
    'supported_features': 0,
    'translation_key': 'zigbee_temperature',
    'unique_id': 'aa:bb:cc:dd:ee:ff_zigbee_temperature',
    'unit_of_measurement': <UnitOfTemperature.CELSIUS: '°C'>,
  })
# ---
# name: test_sensors[sensor.slzb_06_zigbee_chip_temp-state]
  StateSnapshot({
    'attributes': ReadOnlyDict({
      'device_class': 'temperature',
      'friendly_name': 'slzb-06 Zigbee chip temp',
      'state_class': <SensorStateClass.MEASUREMENT: 'measurement'>,
      'unit_of_measurement': <UnitOfTemperature.CELSIUS: '°C'>,
    }),
    'context': <ANY>,
    'entity_id': 'sensor.slzb_06_zigbee_chip_temp',
    'last_changed': <ANY>,
    'last_reported': <ANY>,
    'last_updated': <ANY>,
    'state': '32.7',
  })
# ---
# name: test_sensors[sensor.slzb_06_zigbee_chip_temp]
  StateSnapshot({
    'attributes': ReadOnlyDict({
      'device_class': 'temperature',
      'friendly_name': 'slzb-06 Zigbee chip temp',
      'state_class': <SensorStateClass.MEASUREMENT: 'measurement'>,
      'unit_of_measurement': <UnitOfTemperature.CELSIUS: '°C'>,
    }),
    'context': <ANY>,
    'entity_id': 'sensor.slzb_06_zigbee_chip_temp',
    'last_changed': <ANY>,
    'last_reported': <ANY>,
    'last_updated': <ANY>,
    'state': '32.7',
  })
# ---
# name: test_sensors[sensor.slzb_06_zigbee_chip_temp].1
  EntityRegistryEntrySnapshot({
    'aliases': set({
    }),
    'area_id': None,
    'capabilities': dict({
      'state_class': <SensorStateClass.MEASUREMENT: 'measurement'>,
    }),
    'config_entry_id': <ANY>,
    'device_class': None,
    'device_id': <ANY>,
    'disabled_by': None,
    'domain': 'sensor',
    'entity_category': <EntityCategory.DIAGNOSTIC: 'diagnostic'>,
    'entity_id': 'sensor.slzb_06_zigbee_chip_temp',
    'has_entity_name': True,
    'hidden_by': None,
    'icon': None,
    'id': <ANY>,
    'labels': set({
    }),
    'name': None,
    'options': dict({
      'sensor': dict({
        'suggested_display_precision': 1,
      }),
    }),
    'original_device_class': <SensorDeviceClass.TEMPERATURE: 'temperature'>,
    'original_icon': None,
    'original_name': 'Zigbee chip temp',
    'platform': 'smlight',
    'previous_unique_id': None,
    'supported_features': 0,
    'translation_key': 'zigbee_temperature',
    'unique_id': 'aa:bb:cc:dd:ee:ff_zigbee_temperature',
    'unit_of_measurement': <UnitOfTemperature.CELSIUS: '°C'>,
  })
# ---
# name: test_sensors[sensor.slzb_06_zigbee_chip_temp].2
  DeviceRegistryEntrySnapshot({
    'area_id': None,
    'config_entries': <ANY>,
    'configuration_url': 'http://slzb-06.local',
    'connections': set({
      tuple(
        'mac',
        'aa:bb:cc:dd:ee:ff',
      ),
    }),
    'disabled_by': None,
    'entry_type': None,
    'hw_version': None,
    'id': <ANY>,
    'identifiers': set({
    }),
    'is_new': False,
    'labels': set({
    }),
    'manufacturer': 'SMLIGHT',
    'model': 'SLZB-06p7',
    'model_id': None,
    'name': 'slzb-06',
    'name_by_user': None,
    'primary_config_entry': <ANY>,
    'serial_number': None,
    'suggested_area': None,
    'sw_version': 'core: v2.3.1.dev / zigbee: -1',
    'via_device_id': None,
  })
# ---
